// Jest Snapshot v1, https://goo.gl/fbAQLP

exports[`pulse effect snapshot test 1`] = `
<span
  style={
    Object {
      "display": "inline-block",
      "transform": "scale(1,1)",
    }
  }
/>
`;
